Info: Starting: Create block symbol file (.bsf)
Info: qsys-generate /nfs/pdx/disks/atp.01/work/sschang/fpga/proj/skxp-a0/rtl/afu/nlb_400/QSYS_IPs/RAM/req_C1TxRAM2PORT.qsys --block-symbol-file --output-directory=/nfs/pdx/disks/atp.01/work/sschang/fpga/proj/skxp-a0/rtl/afu/nlb_400/QSYS_IPs/RAM/req_C1TxRAM2PORT --family="Arria 10" --part=10AX115U3F45E2SG
Progress: Loading RAM/req_C1TxRAM2PORT.qsys
Progress: Reading input file
Progress: Adding ram_2port_0 [ram_2port 16.0]
Progress: Parameterizing module ram_2port_0
Progress: Building connections
Progress: Parameterizing connections
Progress: Validating
Progress: Done reading input file
: req_C1TxRAM2PORT.ram_2port_0: Targeting device family: Arria 10.
: req_C1TxRAM2PORT.ram_2port_0: 'q_a' output bus width will be ignored while using one read port and one write port mode.
: req_C1TxRAM2PORT.ram_2port_0: Tab Output2 is unavailable while using one read port and one write port.
Info: qsys-generate succeeded.
Info: Finished: Create block symbol file (.bsf)
Info: 
Info: Starting: Create HDL design files for synthesis
Info: qsys-generate /nfs/pdx/disks/atp.01/work/sschang/fpga/proj/skxp-a0/rtl/afu/nlb_400/QSYS_IPs/RAM/req_C1TxRAM2PORT.qsys --synthesis=VERILOG --output-directory=/nfs/pdx/disks/atp.01/work/sschang/fpga/proj/skxp-a0/rtl/afu/nlb_400/QSYS_IPs/RAM/req_C1TxRAM2PORT --family="Arria 10" --part=10AX115U3F45E2SG
Progress: Loading RAM/req_C1TxRAM2PORT.qsys
Progress: Reading input file
Progress: Adding ram_2port_0 [ram_2port 16.0]
Progress: Parameterizing module ram_2port_0
Progress: Building connections
Progress: Parameterizing connections
Progress: Validating
Progress: Done reading input file
: req_C1TxRAM2PORT.ram_2port_0: Targeting device family: Arria 10.
: req_C1TxRAM2PORT.ram_2port_0: 'q_a' output bus width will be ignored while using one read port and one write port mode.
: req_C1TxRAM2PORT.ram_2port_0: Tab Output2 is unavailable while using one read port and one write port.
Info: req_C1TxRAM2PORT: "Transforming system: req_C1TxRAM2PORT"
Info: req_C1TxRAM2PORT: Running transform generation_view_transform
Info: req_C1TxRAM2PORT: Running transform generation_view_transform took 0.000s
Info: ram_2port_0: Running transform generation_view_transform
Info: ram_2port_0: Running transform generation_view_transform took 0.000s
Info: req_C1TxRAM2PORT: Running transform merlin_avalon_transform
Info: req_C1TxRAM2PORT: Running transform merlin_avalon_transform took 0.009s
Info: req_C1TxRAM2PORT: "Naming system components in system: req_C1TxRAM2PORT"
Info: req_C1TxRAM2PORT: "Processing generation queue"
Info: req_C1TxRAM2PORT: "Generating: req_C1TxRAM2PORT"
Info: req_C1TxRAM2PORT: "Generating: req_C1TxRAM2PORT_ram_2port_160_nfprwsy"
Info: req_C1TxRAM2PORT: Done "req_C1TxRAM2PORT" with 2 modules, 2 files
Info: qsys-generate succeeded.
Info: Finished: Create HDL design files for synthesis
